2026-06-13T16:13:25.690+05:30  INFO 19440 --- [appverse-backend] [main] c.w.appverse.AppverseBackendApplication  : Starting AppverseBackendApplication using Java 21.0.3 with PID 19440 (C:\Users\GO20696863\Documents\workspace-spring-tool-suite-4-4.23.1.RELEASE\appverse-backend\target\classes started by GO20696863 in C:\Users\GO20696863\Documents\workspace-spring-tool-suite-4-4.23.1.RELEASE\appverse-backend)
2026-06-13T16:13:25.693+05:30 DEBUG 19440 --- [appverse-backend] [main] c.w.appverse.AppverseBackendApplication  : Running with Spring Boot v3.5.15, Spring v6.2.19
2026-06-13T16:13:25.696+05:30  INFO 19440 --- [appverse-backend] [main] c.w.appverse.AppverseBackendApplication  : No active profile set, falling back to 1 default profile: "default"
2026-06-13T16:13:27.403+05:30  INFO 19440 --- [appverse-backend] [main] .s.d.r.c.RepositoryConfigurationDelegate : Bootstrapping Spring Data JPA repositories in DEFAULT mode.
2026-06-13T16:13:27.539+05:30  INFO 19440 --- [appverse-backend] [main] .s.d.r.c.RepositoryConfigurationDelegate : Finished Spring Data repository scanning in 115 ms. Found 4 JPA repository interfaces.
2026-06-13T16:13:28.482+05:30  INFO 19440 --- [appverse-backend] [main] o.s.b.w.embedded.tomcat.TomcatWebServer  : Tomcat initialized with port 8080 (http)
2026-06-13T16:13:28.501+05:30  INFO 19440 --- [appverse-backend] [main] o.apache.catalina.core.StandardService   : Starting service [Tomcat]
2026-06-13T16:13:28.502+05:30  INFO 19440 --- [appverse-backend] [main] o.apache.catalina.core.StandardEngine    : Starting Servlet engine: [Apache Tomcat/10.1.55]
2026-06-13T16:13:28.605+05:30  INFO 19440 --- [appverse-backend] [main] o.a.c.c.C.[Tomcat].[localhost].[/]       : Initializing Spring embedded WebApplicationContext
2026-06-13T16:13:28.605+05:30  INFO 19440 --- [appverse-backend] [main] w.s.c.ServletWebServerApplicationContext : Root WebApplicationContext: initialization completed in 2812 ms
2026-06-13T16:13:28.918+05:30  INFO 19440 --- [appverse-backend] [main] o.hibernate.jpa.internal.util.LogHelper  : HHH000204: Processing PersistenceUnitInfo [name: default]
2026-06-13T16:13:29.129+05:30  INFO 19440 --- [appverse-backend] [main] org.hibernate.Version                    : HHH000412: Hibernate ORM core version 6.6.53.Final
2026-06-13T16:13:29.238+05:30  INFO 19440 --- [appverse-backend] [main] o.h.c.internal.RegionFactoryInitiator    : HHH000026: Second-level cache disabled
2026-06-13T16:13:30.112+05:30  INFO 19440 --- [appverse-backend] [main] o.s.o.j.p.SpringPersistenceUnitInfo      : No LoadTimeWeaver setup: ignoring JPA class transformer
2026-06-13T16:13:30.206+05:30  INFO 19440 --- [appverse-backend] [main] com.zaxxer.hikari.HikariDataSource       : HikariPool-1 - Starting...
2026-06-13T16:13:30.709+05:30  INFO 19440 --- [appverse-backend] [main] com.zaxxer.hikari.pool.HikariPool        : HikariPool-1 - Added connection com.mysql.cj.jdbc.ConnectionImpl@2a9f8d47
2026-06-13T16:13:30.712+05:30  INFO 19440 --- [appverse-backend] [main] com.zaxxer.hikari.HikariDataSource       : HikariPool-1 - Start completed.
2026-06-13T16:13:30.975+05:30  INFO 19440 --- [appverse-backend] [main] org.hibernate.orm.connections.pooling    : HHH10001005: Database info:
	Database JDBC URL [Connecting through datasource 'HikariDataSource (HikariPool-1)']
	Database driver: undefined/unknown
	Database version: 8.4.9
	Autocommit mode: undefined/unknown
	Isolation level: undefined/unknown
	Minimum pool size: undefined/unknown
	Maximum pool size: undefined/unknown
2026-06-13T16:13:32.918+05:30  INFO 19440 --- [appverse-backend] [main] o.h.e.t.j.p.i.JtaPlatformInitiator       : HHH000489: No JTA platform available (set 'hibernate.transaction.jta.platform' to enable JTA platform integration)
2026-06-13T16:13:33.103+05:30  INFO 19440 --- [appverse-backend] [main] j.LocalContainerEntityManagerFactoryBean : Initialized JPA EntityManagerFactory for persistence unit 'default'
2026-06-13T16:13:33.764+05:30  WARN 19440 --- [appverse-backend] [main] JpaBaseConfiguration$JpaWebConfiguration : spring.jpa.open-in-view is enabled by default. Therefore, database queries may be performed during view rendering. Explicitly configure spring.jpa.open-in-view to disable this warning
2026-06-13T16:13:33.818+05:30  WARN 19440 --- [appverse-backend] [main] .s.s.UserDetailsServiceAutoConfiguration : 

Using generated security password: 7ba6c523-5659-43a5-a198-468754656c07

This generated password is for development use only. Your security configuration must be updated before running your application in production.

2026-06-13T16:13:33.834+05:30  INFO 19440 --- [appverse-backend] [main] r$InitializeUserDetailsManagerConfigurer : Global AuthenticationManager configured with UserDetailsService bean with name inMemoryUserDetailsManager
2026-06-13T16:13:34.746+05:30  INFO 19440 --- [appverse-backend] [main] o.s.b.w.embedded.tomcat.TomcatWebServer  : Tomcat started on port 8080 (http) with context path '/'
2026-06-13T16:13:34.763+05:30  INFO 19440 --- [appverse-backend] [main] c.w.appverse.AppverseBackendApplication  : Started AppverseBackendApplication in 9.919 seconds (process running for 11.049)
2026-06-13T16:13:34.769+05:30  WARN 19440 --- [appverse-backend] [main] o.s.core.events.SpringDocAppInitializer  : SpringDoc /v3/api-docs endpoint is enabled by default. To disable it in production, set the property 'springdoc.api-docs.enabled=false'
2026-06-13T16:13:34.770+05:30  WARN 19440 --- [appverse-backend] [main] o.s.core.events.SpringDocAppInitializer  : SpringDoc /swagger-ui.html endpoint is enabled by default. To disable it in production, set the property 'springdoc.swagger-ui.enabled=false'
2026-06-13T16:14:01.181+05:30  INFO 19440 --- [appverse-backend] [http-nio-8080-exec-1] o.a.c.c.C.[Tomcat].[localhost].[/]       : Initializing Spring DispatcherServlet 'dispatcherServlet'
2026-06-13T16:14:01.181+05:30  INFO 19440 --- [appverse-backend] [http-nio-8080-exec-1] o.s.web.servlet.DispatcherServlet        : Initializing Servlet 'dispatcherServlet'
2026-06-13T16:14:01.183+05:30  INFO 19440 --- [appverse-backend] [http-nio-8080-exec-1] o.s.web.servlet.DispatcherServlet        : Completed initialization in 2 ms
2026-06-13T16:14:02.017+05:30  INFO 19440 --- [appverse-backend] [http-nio-8080-exec-6] o.springdoc.api.AbstractOpenApiResource  : Init duration for springdoc-openapi is: 375 ms
2026-06-13T16:15:22.689+05:30  INFO 19440 --- [appverse-backend] [http-nio-8080-exec-9] c.w.a.service.impl.AppServiceImpl        : Fetching all apps
2026-06-13T16:16:07.075+05:30  INFO 19440 --- [appverse-backend] [http-nio-8080-exec-4] c.w.a.service.impl.AppServiceImpl        : Fetching all apps
2026-06-13T16:16:07.105+05:30  INFO 19440 --- [appverse-backend] [http-nio-8080-exec-1] c.w.a.service.impl.AppServiceImpl        : Fetching all apps
2026-06-13T16:30:35.613+05:30  INFO 19440 --- [appverse-backend] [RMI TCP Connection(19)-127.0.0.1] inMXBeanRegistrar$SpringApplicationAdmin : Application shutdown requested.
2026-06-13T16:30:35.618+05:30  INFO 19440 --- [appverse-backend] [RMI TCP Connection(19)-127.0.0.1] o.s.b.w.e.tomcat.GracefulShutdown        : Commencing graceful shutdown. Waiting for active requests to complete
2026-06-13T16:30:35.622+05:30  INFO 19440 --- [appverse-backend] [tomcat-shutdown] o.s.b.w.e.tomcat.GracefulShutdown        : Graceful shutdown complete
2026-06-13T16:30:35.627+05:30  INFO 19440 --- [appverse-backend] [RMI TCP Connection(19)-127.0.0.1] j.LocalContainerEntityManagerFactoryBean : Closing JPA EntityManagerFactory for persistence unit 'default'
2026-06-13T16:30:35.632+05:30  INFO 19440 --- [appverse-backend] [RMI TCP Connection(19)-127.0.0.1] com.zaxxer.hikari.HikariDataSource       : HikariPool-1 - Shutdown initiated...
2026-06-13T16:30:35.639+05:30  INFO 19440 --- [appverse-backend] [RMI TCP Connection(19)-127.0.0.1] com.zaxxer.hikari.HikariDataSource       : HikariPool-1 - Shutdown completed.
2026-06-13T16:31:19.380+05:30  INFO 20036 --- [appverse-backend] [main] c.w.appverse.AppverseBackendApplication  : Starting AppverseBackendApplication using Java 21.0.3 with PID 20036 (C:\Users\GO20696863\Documents\workspace-spring-tool-suite-4-4.23.1.RELEASE\appverse-backend\target\classes started by GO20696863 in C:\Users\GO20696863\Documents\workspace-spring-tool-suite-4-4.23.1.RELEASE\appverse-backend)
2026-06-13T16:31:19.384+05:30 DEBUG 20036 --- [appverse-backend] [main] c.w.appverse.AppverseBackendApplication  : Running with Spring Boot v3.5.15, Spring v6.2.19
2026-06-13T16:31:19.384+05:30  INFO 20036 --- [appverse-backend] [main] c.w.appverse.AppverseBackendApplication  : No active profile set, falling back to 1 default profile: "default"
2026-06-13T16:31:21.149+05:30  INFO 20036 --- [appverse-backend] [main] .s.d.r.c.RepositoryConfigurationDelegate : Bootstrapping Spring Data JPA repositories in DEFAULT mode.
2026-06-13T16:31:21.272+05:30  INFO 20036 --- [appverse-backend] [main] .s.d.r.c.RepositoryConfigurationDelegate : Finished Spring Data repository scanning in 94 ms. Found 4 JPA repository interfaces.
2026-06-13T16:31:22.316+05:30  INFO 20036 --- [appverse-backend] [main] o.s.b.w.embedded.tomcat.TomcatWebServer  : Tomcat initialized with port 8080 (http)
2026-06-13T16:31:22.347+05:30  INFO 20036 --- [appverse-backend] [main] o.apache.catalina.core.StandardService   : Starting service [Tomcat]
2026-06-13T16:31:22.348+05:30  INFO 20036 --- [appverse-backend] [main] o.apache.catalina.core.StandardEngine    : Starting Servlet engine: [Apache Tomcat/10.1.55]
2026-06-13T16:31:22.467+05:30  INFO 20036 --- [appverse-backend] [main] o.a.c.c.C.[Tomcat].[localhost].[/]       : Initializing Spring embedded WebApplicationContext
2026-06-13T16:31:22.468+05:30  INFO 20036 --- [appverse-backend] [main] w.s.c.ServletWebServerApplicationContext : Root WebApplicationContext: initialization completed in 2982 ms
2026-06-13T16:31:22.769+05:30  INFO 20036 --- [appverse-backend] [main] o.hibernate.jpa.internal.util.LogHelper  : HHH000204: Processing PersistenceUnitInfo [name: default]
2026-06-13T16:31:22.947+05:30  INFO 20036 --- [appverse-backend] [main] org.hibernate.Version                    : HHH000412: Hibernate ORM core version 6.6.53.Final
2026-06-13T16:31:23.045+05:30  INFO 20036 --- [appverse-backend] [main] o.h.c.internal.RegionFactoryInitiator    : HHH000026: Second-level cache disabled
2026-06-13T16:31:23.710+05:30  INFO 20036 --- [appverse-backend] [main] o.s.o.j.p.SpringPersistenceUnitInfo      : No LoadTimeWeaver setup: ignoring JPA class transformer
2026-06-13T16:31:23.790+05:30  INFO 20036 --- [appverse-backend] [main] com.zaxxer.hikari.HikariDataSource       : HikariPool-1 - Starting...
2026-06-13T16:31:24.278+05:30  INFO 20036 --- [appverse-backend] [main] com.zaxxer.hikari.pool.HikariPool        : HikariPool-1 - Added connection com.mysql.cj.jdbc.ConnectionImpl@b5ff70b
2026-06-13T16:31:24.283+05:30  INFO 20036 --- [appverse-backend] [main] com.zaxxer.hikari.HikariDataSource       : HikariPool-1 - Start completed.
2026-06-13T16:31:24.510+05:30  INFO 20036 --- [appverse-backend] [main] org.hibernate.orm.connections.pooling    : HHH10001005: Database info:
	Database JDBC URL [Connecting through datasource 'HikariDataSource (HikariPool-1)']
	Database driver: undefined/unknown
	Database version: 8.4.9
	Autocommit mode: undefined/unknown
	Isolation level: undefined/unknown
	Minimum pool size: undefined/unknown
	Maximum pool size: undefined/unknown
2026-06-13T16:31:26.484+05:30  INFO 20036 --- [appverse-backend] [main] o.h.e.t.j.p.i.JtaPlatformInitiator       : HHH000489: No JTA platform available (set 'hibernate.transaction.jta.platform' to enable JTA platform integration)
2026-06-13T16:31:26.633+05:30  INFO 20036 --- [appverse-backend] [main] j.LocalContainerEntityManagerFactoryBean : Initialized JPA EntityManagerFactory for persistence unit 'default'
2026-06-13T16:31:27.292+05:30  WARN 20036 --- [appverse-backend] [main] JpaBaseConfiguration$JpaWebConfiguration : spring.jpa.open-in-view is enabled by default. Therefore, database queries may be performed during view rendering. Explicitly configure spring.jpa.open-in-view to disable this warning
2026-06-13T16:31:27.340+05:30  WARN 20036 --- [appverse-backend] [main] .s.s.UserDetailsServiceAutoConfiguration : 

Using generated security password: 21063997-5e35-4bd0-82af-2fdab98c8e26

This generated password is for development use only. Your security configuration must be updated before running your application in production.

2026-06-13T16:31:27.357+05:30  INFO 20036 --- [appverse-backend] [main] r$InitializeUserDetailsManagerConfigurer : Global AuthenticationManager configured with UserDetailsService bean with name inMemoryUserDetailsManager
2026-06-13T16:31:28.495+05:30  INFO 20036 --- [appverse-backend] [main] o.s.b.w.embedded.tomcat.TomcatWebServer  : Tomcat started on port 8080 (http) with context path '/'
2026-06-13T16:31:28.503+05:30  INFO 20036 --- [appverse-backend] [main] c.w.appverse.AppverseBackendApplication  : Started AppverseBackendApplication in 10.082 seconds (process running for 11.404)
2026-06-13T16:31:28.512+05:30  WARN 20036 --- [appverse-backend] [main] o.s.core.events.SpringDocAppInitializer  : SpringDoc /v3/api-docs endpoint is enabled by default. To disable it in production, set the property 'springdoc.api-docs.enabled=false'
2026-06-13T16:31:28.513+05:30  WARN 20036 --- [appverse-backend] [main] o.s.core.events.SpringDocAppInitializer  : SpringDoc /swagger-ui.html endpoint is enabled by default. To disable it in production, set the property 'springdoc.swagger-ui.enabled=false'
2026-06-13T16:34:32.526+05:30  INFO 20036 --- [appverse-backend] [RMI TCP Connection(5)-127.0.0.1] inMXBeanRegistrar$SpringApplicationAdmin : Application shutdown requested.
2026-06-13T16:34:32.530+05:30  INFO 20036 --- [appverse-backend] [RMI TCP Connection(5)-127.0.0.1] o.s.b.w.e.tomcat.GracefulShutdown        : Commencing graceful shutdown. Waiting for active requests to complete
2026-06-13T16:34:32.534+05:30  INFO 20036 --- [appverse-backend] [tomcat-shutdown] o.s.b.w.e.tomcat.GracefulShutdown        : Graceful shutdown complete
2026-06-13T16:34:32.539+05:30  INFO 20036 --- [appverse-backend] [RMI TCP Connection(5)-127.0.0.1] j.LocalContainerEntityManagerFactoryBean : Closing JPA EntityManagerFactory for persistence unit 'default'
2026-06-13T16:34:32.543+05:30  INFO 20036 --- [appverse-backend] [RMI TCP Connection(5)-127.0.0.1] com.zaxxer.hikari.HikariDataSource       : HikariPool-1 - Shutdown initiated...
2026-06-13T16:34:32.549+05:30  INFO 20036 --- [appverse-backend] [RMI TCP Connection(5)-127.0.0.1] com.zaxxer.hikari.HikariDataSource       : HikariPool-1 - Shutdown completed.
2026-06-13T16:36:35.454+05:30  INFO 27376 --- [appverse-backend] [main] c.w.appverse.AppverseBackendApplication  : Starting AppverseBackendApplication using Java 21.0.3 with PID 27376 (C:\Users\GO20696863\Documents\workspace-spring-tool-suite-4-4.23.1.RELEASE\appverse-backend\target\classes started by GO20696863 in C:\Users\GO20696863\Documents\workspace-spring-tool-suite-4-4.23.1.RELEASE\appverse-backend)
2026-06-13T16:36:35.460+05:30 DEBUG 27376 --- [appverse-backend] [main] c.w.appverse.AppverseBackendApplication  : Running with Spring Boot v3.5.15, Spring v6.2.19
2026-06-13T16:36:35.462+05:30  INFO 27376 --- [appverse-backend] [main] c.w.appverse.AppverseBackendApplication  : No active profile set, falling back to 1 default profile: "default"
2026-06-13T16:36:37.628+05:30  INFO 27376 --- [appverse-backend] [main] .s.d.r.c.RepositoryConfigurationDelegate : Bootstrapping Spring Data JPA repositories in DEFAULT mode.
2026-06-13T16:36:37.813+05:30  INFO 27376 --- [appverse-backend] [main] .s.d.r.c.RepositoryConfigurationDelegate : Finished Spring Data repository scanning in 161 ms. Found 4 JPA repository interfaces.
2026-06-13T16:36:39.146+05:30  INFO 27376 --- [appverse-backend] [main] o.s.b.w.embedded.tomcat.TomcatWebServer  : Tomcat initialized with port 8080 (http)
2026-06-13T16:36:39.176+05:30  INFO 27376 --- [appverse-backend] [main] o.apache.catalina.core.StandardService   : Starting service [Tomcat]
2026-06-13T16:36:39.177+05:30  INFO 27376 --- [appverse-backend] [main] o.apache.catalina.core.StandardEngine    : Starting Servlet engine: [Apache Tomcat/10.1.55]
2026-06-13T16:36:39.284+05:30  INFO 27376 --- [appverse-backend] [main] o.a.c.c.C.[Tomcat].[localhost].[/]       : Initializing Spring embedded WebApplicationContext
2026-06-13T16:36:39.285+05:30  INFO 27376 --- [appverse-backend] [main] w.s.c.ServletWebServerApplicationContext : Root WebApplicationContext: initialization completed in 3720 ms
2026-06-13T16:36:39.609+05:30  INFO 27376 --- [appverse-backend] [main] o.hibernate.jpa.internal.util.LogHelper  : HHH000204: Processing PersistenceUnitInfo [name: default]
2026-06-13T16:36:39.749+05:30  INFO 27376 --- [appverse-backend] [main] org.hibernate.Version                    : HHH000412: Hibernate ORM core version 6.6.53.Final
2026-06-13T16:36:39.827+05:30  INFO 27376 --- [appverse-backend] [main] o.h.c.internal.RegionFactoryInitiator    : HHH000026: Second-level cache disabled
2026-06-13T16:36:40.557+05:30  INFO 27376 --- [appverse-backend] [main] o.s.o.j.p.SpringPersistenceUnitInfo      : No LoadTimeWeaver setup: ignoring JPA class transformer
2026-06-13T16:36:40.636+05:30  INFO 27376 --- [appverse-backend] [main] com.zaxxer.hikari.HikariDataSource       : HikariPool-1 - Starting...
2026-06-13T16:36:41.292+05:30  INFO 27376 --- [appverse-backend] [main] com.zaxxer.hikari.pool.HikariPool        : HikariPool-1 - Added connection com.mysql.cj.jdbc.ConnectionImpl@c6244e7
2026-06-13T16:36:41.298+05:30  INFO 27376 --- [appverse-backend] [main] com.zaxxer.hikari.HikariDataSource       : HikariPool-1 - Start completed.
2026-06-13T16:36:41.543+05:30  INFO 27376 --- [appverse-backend] [main] org.hibernate.orm.connections.pooling    : HHH10001005: Database info:
	Database JDBC URL [Connecting through datasource 'HikariDataSource (HikariPool-1)']
	Database driver: undefined/unknown
	Database version: 8.4.9
	Autocommit mode: undefined/unknown
	Isolation level: undefined/unknown
	Minimum pool size: undefined/unknown
	Maximum pool size: undefined/unknown
2026-06-13T16:36:43.678+05:30  INFO 27376 --- [appverse-backend] [main] o.h.e.t.j.p.i.JtaPlatformInitiator       : HHH000489: No JTA platform available (set 'hibernate.transaction.jta.platform' to enable JTA platform integration)
2026-06-13T16:36:43.830+05:30  INFO 27376 --- [appverse-backend] [main] j.LocalContainerEntityManagerFactoryBean : Initialized JPA EntityManagerFactory for persistence unit 'default'
2026-06-13T16:36:44.555+05:30  WARN 27376 --- [appverse-backend] [main] JpaBaseConfiguration$JpaWebConfiguration : spring.jpa.open-in-view is enabled by default. Therefore, database queries may be performed during view rendering. Explicitly configure spring.jpa.open-in-view to disable this warning
2026-06-13T16:36:44.618+05:30  WARN 27376 --- [appverse-backend] [main] .s.s.UserDetailsServiceAutoConfiguration : 

Using generated security password: 7ca19852-ac10-4653-b350-a65572781291

This generated password is for development use only. Your security configuration must be updated before running your application in production.

2026-06-13T16:36:44.634+05:30  INFO 27376 --- [appverse-backend] [main] r$InitializeUserDetailsManagerConfigurer : Global AuthenticationManager configured with UserDetailsService bean with name inMemoryUserDetailsManager
2026-06-13T16:36:45.689+05:30  INFO 27376 --- [appverse-backend] [main] o.s.b.w.embedded.tomcat.TomcatWebServer  : Tomcat started on port 8080 (http) with context path '/'
2026-06-13T16:36:45.699+05:30  INFO 27376 --- [appverse-backend] [main] c.w.appverse.AppverseBackendApplication  : Started AppverseBackendApplication in 12.195 seconds (process running for 13.871)
2026-06-13T16:36:45.710+05:30  WARN 27376 --- [appverse-backend] [main] o.s.core.events.SpringDocAppInitializer  : SpringDoc /v3/api-docs endpoint is enabled by default. To disable it in production, set the property 'springdoc.api-docs.enabled=false'
2026-06-13T16:36:45.710+05:30  WARN 27376 --- [appverse-backend] [main] o.s.core.events.SpringDocAppInitializer  : SpringDoc /swagger-ui.html endpoint is enabled by default. To disable it in production, set the property 'springdoc.swagger-ui.enabled=false'
2026-06-13T16:38:13.920+05:30  INFO 27376 --- [appverse-backend] [http-nio-8080-exec-1] o.a.c.c.C.[Tomcat].[localhost].[/]       : Initializing Spring DispatcherServlet 'dispatcherServlet'
2026-06-13T16:38:13.920+05:30  INFO 27376 --- [appverse-backend] [http-nio-8080-exec-1] o.s.web.servlet.DispatcherServlet        : Initializing Servlet 'dispatcherServlet'
2026-06-13T16:38:13.925+05:30  INFO 27376 --- [appverse-backend] [http-nio-8080-exec-1] o.s.web.servlet.DispatcherServlet        : Completed initialization in 5 ms
2026-06-13T16:38:15.387+05:30  INFO 27376 --- [appverse-backend] [http-nio-8080-exec-10] o.springdoc.api.AbstractOpenApiResource  : Init duration for springdoc-openapi is: 791 ms
2026-06-13T16:39:18.056+05:30  INFO 27376 --- [appverse-backend] [http-nio-8080-exec-3] c.w.a.service.impl.AppServiceImpl        : Fetching all apps
2026-06-13T16:56:21.738+05:30  WARN 27376 --- [appverse-backend] [HikariPool-1:housekeeper] com.zaxxer.hikari.pool.HikariPool        : HikariPool-1 - Thread starvation or clock leap detected (housekeeper delta=5m10s92ms733µs300ns).
2026-06-13T17:07:44.812+05:30  INFO 27376 --- [appverse-backend] [RMI TCP Connection(30)-127.0.0.1] inMXBeanRegistrar$SpringApplicationAdmin : Application shutdown requested.
2026-06-13T17:07:44.819+05:30  INFO 27376 --- [appverse-backend] [RMI TCP Connection(30)-127.0.0.1] o.s.b.w.e.tomcat.GracefulShutdown        : Commencing graceful shutdown. Waiting for active requests to complete
2026-06-13T17:07:44.825+05:30  INFO 27376 --- [appverse-backend] [tomcat-shutdown] o.s.b.w.e.tomcat.GracefulShutdown        : Graceful shutdown complete
2026-06-13T17:07:44.829+05:30  INFO 27376 --- [appverse-backend] [RMI TCP Connection(30)-127.0.0.1] j.LocalContainerEntityManagerFactoryBean : Closing JPA EntityManagerFactory for persistence unit 'default'
2026-06-13T17:07:44.833+05:30  INFO 27376 --- [appverse-backend] [RMI TCP Connection(30)-127.0.0.1] com.zaxxer.hikari.HikariDataSource       : HikariPool-1 - Shutdown initiated...
2026-06-13T17:07:44.838+05:30  INFO 27376 --- [appverse-backend] [RMI TCP Connection(30)-127.0.0.1] com.zaxxer.hikari.HikariDataSource       : HikariPool-1 - Shutdown completed.
2026-06-13T17:10:28.038+05:30  INFO 12748 --- [appverse-backend] [main] c.w.appverse.AppverseBackendApplication  : Starting AppverseBackendApplication using Java 21.0.3 with PID 12748 (C:\Users\GO20696863\Documents\workspace-spring-tool-suite-4-4.23.1.RELEASE\appverse-backend\target\classes started by GO20696863 in C:\Users\GO20696863\Documents\workspace-spring-tool-suite-4-4.23.1.RELEASE\appverse-backend)
2026-06-13T17:10:28.041+05:30 DEBUG 12748 --- [appverse-backend] [main] c.w.appverse.AppverseBackendApplication  : Running with Spring Boot v3.5.15, Spring v6.2.19
2026-06-13T17:10:28.043+05:30  INFO 12748 --- [appverse-backend] [main] c.w.appverse.AppverseBackendApplication  : No active profile set, falling back to 1 default profile: "default"
2026-06-13T17:10:29.320+05:30  INFO 12748 --- [appverse-backend] [main] .s.d.r.c.RepositoryConfigurationDelegate : Bootstrapping Spring Data JPA repositories in DEFAULT mode.
2026-06-13T17:10:29.443+05:30  INFO 12748 --- [appverse-backend] [main] .s.d.r.c.RepositoryConfigurationDelegate : Finished Spring Data repository scanning in 106 ms. Found 4 JPA repository interfaces.
2026-06-13T17:10:30.112+05:30  INFO 12748 --- [appverse-backend] [main] o.s.b.w.embedded.tomcat.TomcatWebServer  : Tomcat initialized with port 8080 (http)
2026-06-13T17:10:30.129+05:30  INFO 12748 --- [appverse-backend] [main] o.apache.catalina.core.StandardService   : Starting service [Tomcat]
2026-06-13T17:10:30.129+05:30  INFO 12748 --- [appverse-backend] [main] o.apache.catalina.core.StandardEngine    : Starting Servlet engine: [Apache Tomcat/10.1.55]
2026-06-13T17:10:30.194+05:30  INFO 12748 --- [appverse-backend] [main] o.a.c.c.C.[Tomcat].[localhost].[/]       : Initializing Spring embedded WebApplicationContext
2026-06-13T17:10:30.195+05:30  INFO 12748 --- [appverse-backend] [main] w.s.c.ServletWebServerApplicationContext : Root WebApplicationContext: initialization completed in 2078 ms
2026-06-13T17:10:30.405+05:30  INFO 12748 --- [appverse-backend] [main] o.hibernate.jpa.internal.util.LogHelper  : HHH000204: Processing PersistenceUnitInfo [name: default]
2026-06-13T17:10:30.526+05:30  INFO 12748 --- [appverse-backend] [main] org.hibernate.Version                    : HHH000412: Hibernate ORM core version 6.6.53.Final
2026-06-13T17:10:30.590+05:30  INFO 12748 --- [appverse-backend] [main] o.h.c.internal.RegionFactoryInitiator    : HHH000026: Second-level cache disabled
2026-06-13T17:10:31.154+05:30  INFO 12748 --- [appverse-backend] [main] o.s.o.j.p.SpringPersistenceUnitInfo      : No LoadTimeWeaver setup: ignoring JPA class transformer
2026-06-13T17:10:31.214+05:30  INFO 12748 --- [appverse-backend] [main] com.zaxxer.hikari.HikariDataSource       : HikariPool-1 - Starting...
2026-06-13T17:10:31.548+05:30  INFO 12748 --- [appverse-backend] [main] com.zaxxer.hikari.pool.HikariPool        : HikariPool-1 - Added connection com.mysql.cj.jdbc.ConnectionImpl@4f2b1e9f
2026-06-13T17:10:31.551+05:30  INFO 12748 --- [appverse-backend] [main] com.zaxxer.hikari.HikariDataSource       : HikariPool-1 - Start completed.
2026-06-13T17:10:31.711+05:30  INFO 12748 --- [appverse-backend] [main] org.hibernate.orm.connections.pooling    : HHH10001005: Database info:
	Database JDBC URL [Connecting through datasource 'HikariDataSource (HikariPool-1)']
	Database driver: undefined/unknown
	Database version: 8.4.9
	Autocommit mode: undefined/unknown
	Isolation level: undefined/unknown
	Minimum pool size: undefined/unknown
	Maximum pool size: undefined/unknown
2026-06-13T17:10:33.141+05:30  INFO 12748 --- [appverse-backend] [main] o.h.e.t.j.p.i.JtaPlatformInitiator       : HHH000489: No JTA platform available (set 'hibernate.transaction.jta.platform' to enable JTA platform integration)
2026-06-13T17:10:33.265+05:30  INFO 12748 --- [appverse-backend] [main] j.LocalContainerEntityManagerFactoryBean : Initialized JPA EntityManagerFactory for persistence unit 'default'
2026-06-13T17:10:33.795+05:30  WARN 12748 --- [appverse-backend] [main] JpaBaseConfiguration$JpaWebConfiguration : spring.jpa.open-in-view is enabled by default. Therefore, database queries may be performed during view rendering. Explicitly configure spring.jpa.open-in-view to disable this warning
2026-06-13T17:10:33.833+05:30  WARN 12748 --- [appverse-backend] [main] .s.s.UserDetailsServiceAutoConfiguration : 

Using generated security password: 4c9d414f-daba-45ca-a346-a6654498d8cf

This generated password is for development use only. Your security configuration must be updated before running your application in production.

2026-06-13T17:10:33.846+05:30  INFO 12748 --- [appverse-backend] [main] r$InitializeUserDetailsManagerConfigurer : Global AuthenticationManager configured with UserDetailsService bean with name inMemoryUserDetailsManager
2026-06-13T17:10:34.573+05:30  INFO 12748 --- [appverse-backend] [main] o.s.b.w.embedded.tomcat.TomcatWebServer  : Tomcat started on port 8080 (http) with context path '/'
2026-06-13T17:10:34.587+05:30  INFO 12748 --- [appverse-backend] [main] c.w.appverse.AppverseBackendApplication  : Started AppverseBackendApplication in 7.253 seconds (process running for 8.206)
2026-06-13T17:10:34.596+05:30  WARN 12748 --- [appverse-backend] [main] o.s.core.events.SpringDocAppInitializer  : SpringDoc /v3/api-docs endpoint is enabled by default. To disable it in production, set the property 'springdoc.api-docs.enabled=false'
2026-06-13T17:10:34.596+05:30  WARN 12748 --- [appverse-backend] [main] o.s.core.events.SpringDocAppInitializer  : SpringDoc /swagger-ui.html endpoint is enabled by default. To disable it in production, set the property 'springdoc.swagger-ui.enabled=false'
2026-06-13T17:11:40.957+05:30  INFO 12748 --- [appverse-backend] [http-nio-8080-exec-1] o.a.c.c.C.[Tomcat].[localhost].[/]       : Initializing Spring DispatcherServlet 'dispatcherServlet'
2026-06-13T17:11:40.958+05:30  INFO 12748 --- [appverse-backend] [http-nio-8080-exec-1] o.s.web.servlet.DispatcherServlet        : Initializing Servlet 'dispatcherServlet'
2026-06-13T17:11:40.963+05:30  INFO 12748 --- [appverse-backend] [http-nio-8080-exec-1] o.s.web.servlet.DispatcherServlet        : Completed initialization in 3 ms
2026-06-13T17:11:42.185+05:30  INFO 12748 --- [appverse-backend] [http-nio-8080-exec-9] o.springdoc.api.AbstractOpenApiResource  : Init duration for springdoc-openapi is: 701 ms
2026-06-13T17:12:26.289+05:30  INFO 12748 --- [appverse-backend] [http-nio-8080-exec-1] c.w.a.service.impl.AppServiceImpl        : Fetching all apps
2026-06-13T17:43:57.696+05:30  WARN 12748 --- [appverse-backend] [HikariPool-1:housekeeper] com.zaxxer.hikari.pool.HikariPool        : HikariPool-1 - Thread starvation or clock leap detected (housekeeper delta=3m24s387ms118µs999ns).
2026-06-13T17:56:52.195+05:30  INFO 12748 --- [appverse-backend] [RMI TCP Connection(47)-127.0.0.1] inMXBeanRegistrar$SpringApplicationAdmin : Application shutdown requested.
2026-06-13T17:56:52.290+05:30  INFO 12748 --- [appverse-backend] [RMI TCP Connection(47)-127.0.0.1] o.s.b.w.e.tomcat.GracefulShutdown        : Commencing graceful shutdown. Waiting for active requests to complete
2026-06-13T17:56:52.309+05:30  INFO 12748 --- [appverse-backend] [tomcat-shutdown] o.s.b.w.e.tomcat.GracefulShutdown        : Graceful shutdown complete
2026-06-13T17:56:52.363+05:30  INFO 12748 --- [appverse-backend] [RMI TCP Connection(47)-127.0.0.1] j.LocalContainerEntityManagerFactoryBean : Closing JPA EntityManagerFactory for persistence unit 'default'
2026-06-13T17:56:52.407+05:30  INFO 12748 --- [appverse-backend] [RMI TCP Connection(47)-127.0.0.1] com.zaxxer.hikari.HikariDataSource       : HikariPool-1 - Shutdown initiated...
2026-06-13T17:56:52.424+05:30  INFO 12748 --- [appverse-backend] [RMI TCP Connection(47)-127.0.0.1] com.zaxxer.hikari.HikariDataSource       : HikariPool-1 - Shutdown completed.
2026-06-13T17:58:26.189+05:30  INFO 17716 --- [appverse-backend] [main] c.w.appverse.AppverseBackendApplication  : Starting AppverseBackendApplication using Java 21.0.3 with PID 17716 (C:\Users\GO20696863\Documents\workspace-spring-tool-suite-4-4.23.1.RELEASE\appverse-backend\target\classes started by GO20696863 in C:\Users\GO20696863\Documents\workspace-spring-tool-suite-4-4.23.1.RELEASE\appverse-backend)
2026-06-13T17:58:26.195+05:30 DEBUG 17716 --- [appverse-backend] [main] c.w.appverse.AppverseBackendApplication  : Running with Spring Boot v3.5.15, Spring v6.2.19
2026-06-13T17:58:26.199+05:30  INFO 17716 --- [appverse-backend] [main] c.w.appverse.AppverseBackendApplication  : No active profile set, falling back to 1 default profile: "default"
2026-06-13T17:58:29.252+05:30  INFO 17716 --- [appverse-backend] [main] .s.d.r.c.RepositoryConfigurationDelegate : Bootstrapping Spring Data JPA repositories in DEFAULT mode.
2026-06-13T17:58:29.509+05:30  INFO 17716 --- [appverse-backend] [main] .s.d.r.c.RepositoryConfigurationDelegate : Finished Spring Data repository scanning in 216 ms. Found 4 JPA repository interfaces.
2026-06-13T17:58:31.482+05:30  INFO 17716 --- [appverse-backend] [main] o.s.b.w.embedded.tomcat.TomcatWebServer  : Tomcat initialized with port 8080 (http)
2026-06-13T17:58:31.532+05:30  INFO 17716 --- [appverse-backend] [main] o.apache.catalina.core.StandardService   : Starting service [Tomcat]
2026-06-13T17:58:31.533+05:30  INFO 17716 --- [appverse-backend] [main] o.apache.catalina.core.StandardEngine    : Starting Servlet engine: [Apache Tomcat/10.1.55]
2026-06-13T17:58:31.723+05:30  INFO 17716 --- [appverse-backend] [main] o.a.c.c.C.[Tomcat].[localhost].[/]       : Initializing Spring embedded WebApplicationContext
2026-06-13T17:58:31.725+05:30  INFO 17716 --- [appverse-backend] [main] w.s.c.ServletWebServerApplicationContext : Root WebApplicationContext: initialization completed in 5307 ms
2026-06-13T17:58:32.420+05:30  INFO 17716 --- [appverse-backend] [main] o.hibernate.jpa.internal.util.LogHelper  : HHH000204: Processing PersistenceUnitInfo [name: default]
2026-06-13T17:58:32.772+05:30  INFO 17716 --- [appverse-backend] [main] org.hibernate.Version                    : HHH000412: Hibernate ORM core version 6.6.53.Final
2026-06-13T17:58:32.974+05:30  INFO 17716 --- [appverse-backend] [main] o.h.c.internal.RegionFactoryInitiator    : HHH000026: Second-level cache disabled
2026-06-13T17:58:34.705+05:30  INFO 17716 --- [appverse-backend] [main] o.s.o.j.p.SpringPersistenceUnitInfo      : No LoadTimeWeaver setup: ignoring JPA class transformer
2026-06-13T17:58:34.915+05:30  INFO 17716 --- [appverse-backend] [main] com.zaxxer.hikari.HikariDataSource       : HikariPool-1 - Starting...
2026-06-13T17:58:35.945+05:30  INFO 17716 --- [appverse-backend] [main] com.zaxxer.hikari.pool.HikariPool        : HikariPool-1 - Added connection com.mysql.cj.jdbc.ConnectionImpl@22f80e36
2026-06-13T17:58:35.955+05:30  INFO 17716 --- [appverse-backend] [main] com.zaxxer.hikari.HikariDataSource       : HikariPool-1 - Start completed.
2026-06-13T17:58:36.357+05:30  INFO 17716 --- [appverse-backend] [main] org.hibernate.orm.connections.pooling    : HHH10001005: Database info:
	Database JDBC URL [Connecting through datasource 'HikariDataSource (HikariPool-1)']
	Database driver: undefined/unknown
	Database version: 8.4.9
	Autocommit mode: undefined/unknown
	Isolation level: undefined/unknown
	Minimum pool size: undefined/unknown
	Maximum pool size: undefined/unknown
2026-06-13T17:58:40.203+05:30  INFO 17716 --- [appverse-backend] [main] o.h.e.t.j.p.i.JtaPlatformInitiator       : HHH000489: No JTA platform available (set 'hibernate.transaction.jta.platform' to enable JTA platform integration)
2026-06-13T17:58:40.478+05:30  INFO 17716 --- [appverse-backend] [main] j.LocalContainerEntityManagerFactoryBean : Initialized JPA EntityManagerFactory for persistence unit 'default'
2026-06-13T17:58:41.945+05:30  WARN 17716 --- [appverse-backend] [main] JpaBaseConfiguration$JpaWebConfiguration : spring.jpa.open-in-view is enabled by default. Therefore, database queries may be performed during view rendering. Explicitly configure spring.jpa.open-in-view to disable this warning
2026-06-13T17:58:42.110+05:30  WARN 17716 --- [appverse-backend] [main] .s.s.UserDetailsServiceAutoConfiguration : 

Using generated security password: d3723b8b-c2f1-4916-a1dd-038da08a5050

This generated password is for development use only. Your security configuration must be updated before running your application in production.

2026-06-13T17:58:42.158+05:30  INFO 17716 --- [appverse-backend] [main] r$InitializeUserDetailsManagerConfigurer : Global AuthenticationManager configured with UserDetailsService bean with name inMemoryUserDetailsManager
2026-06-13T17:58:44.355+05:30  INFO 17716 --- [appverse-backend] [main] o.s.b.w.embedded.tomcat.TomcatWebServer  : Tomcat started on port 8080 (http) with context path '/'
2026-06-13T17:58:44.377+05:30  INFO 17716 --- [appverse-backend] [main] c.w.appverse.AppverseBackendApplication  : Started AppverseBackendApplication in 19.848 seconds (process running for 21.904)
2026-06-13T17:58:44.388+05:30  WARN 17716 --- [appverse-backend] [main] o.s.core.events.SpringDocAppInitializer  : SpringDoc /v3/api-docs endpoint is enabled by default. To disable it in production, set the property 'springdoc.api-docs.enabled=false'
2026-06-13T17:58:44.390+05:30  WARN 17716 --- [appverse-backend] [main] o.s.core.events.SpringDocAppInitializer  : SpringDoc /swagger-ui.html endpoint is enabled by default. To disable it in production, set the property 'springdoc.swagger-ui.enabled=false'
2026-06-13T17:59:06.974+05:30  INFO 17716 --- [appverse-backend] [http-nio-8080-exec-1] o.a.c.c.C.[Tomcat].[localhost].[/]       : Initializing Spring DispatcherServlet 'dispatcherServlet'
2026-06-13T17:59:06.974+05:30  INFO 17716 --- [appverse-backend] [http-nio-8080-exec-1] o.s.web.servlet.DispatcherServlet        : Initializing Servlet 'dispatcherServlet'
2026-06-13T17:59:06.974+05:30  INFO 17716 --- [appverse-backend] [http-nio-8080-exec-1] o.s.web.servlet.DispatcherServlet        : Completed initialization in 0 ms
2026-06-13T17:59:21.478+05:30  INFO 17716 --- [appverse-backend] [http-nio-8080-exec-2] o.springdoc.api.AbstractOpenApiResource  : Init duration for springdoc-openapi is: 949 ms
2026-06-13T18:00:03.280+05:30  INFO 17716 --- [appverse-backend] [http-nio-8080-exec-4] c.w.a.service.impl.AppServiceImpl        : Fetching all apps
2026-06-13T18:01:22.160+05:30  INFO 17716 --- [appverse-backend] [http-nio-8080-exec-3] c.w.a.service.impl.AppServiceImpl        : Fetching all apps
2026-06-13T18:01:22.207+05:30  INFO 17716 --- [appverse-backend] [http-nio-8080-exec-4] c.w.a.service.impl.AppServiceImpl        : Fetching all apps
2026-06-13T18:01:31.409+05:30  INFO 17716 --- [appverse-backend] [http-nio-8080-exec-5] c.w.a.service.impl.AppServiceImpl        : Calling recommendation microservice for: Gaming
2026-06-13T18:01:32.492+05:30  INFO 17716 --- [appverse-backend] [http-nio-8080-exec-8] c.w.a.service.impl.AppServiceImpl        : Calling recommendation microservice for: Gaming
2026-06-13T18:01:38.060+05:30  INFO 17716 --- [appverse-backend] [http-nio-8080-exec-7] c.w.a.service.impl.AppServiceImpl        : Calling recommendation microservice for: Cosmetics
2026-06-13T18:04:34.312+05:30  INFO 17716 --- [appverse-backend] [http-nio-8080-exec-2] c.w.a.service.impl.AppServiceImpl        : Calling recommendation microservice for: Gaming
2026-06-13T18:04:44.694+05:30  INFO 17716 --- [appverse-backend] [http-nio-8080-exec-3] c.w.a.service.impl.AppServiceImpl        : Calling recommendation microservice for: Cosmetics
2026-06-13T18:04:48.309+05:30  INFO 17716 --- [appverse-backend] [http-nio-8080-exec-6] c.w.a.service.impl.AppServiceImpl        : Calling recommendation microservice for: Learning Platform
2026-06-13T18:04:51.743+05:30  INFO 17716 --- [appverse-backend] [http-nio-8080-exec-8] c.w.a.service.impl.AppServiceImpl        : Calling recommendation microservice for: Food
2026-06-13T18:04:55.824+05:30  INFO 17716 --- [appverse-backend] [http-nio-8080-exec-7] c.w.a.service.impl.AppServiceImpl        : Calling recommendation microservice for: Music
2026-06-13T18:05:03.657+05:30  INFO 17716 --- [appverse-backend] [http-nio-8080-exec-1] c.w.a.service.impl.AppServiceImpl        : Calling recommendation microservice for: Food
2026-06-13T18:08:57.008+05:30  WARN 17716 --- [appverse-backend] [HikariPool-1:housekeeper] com.zaxxer.hikari.pool.HikariPool        : HikariPool-1 - Thread starvation or clock leap detected (housekeeper delta=50s796ms270µs201ns).
